[38;5;159m[Genesis] [17:35:32] [INFO] [38;5;121m╭───────────────────────────────────────────────╮[0m[38;5;159m[0m
[38;5;159m[Genesis] [17:35:32] [INFO] [38;5;121m│┈┉┈┉┈┉┈┉┈┉┈┉┈┉┈┉┈┉┈[0m[38;5;159m [38;5;121m[1m[3mGenesis[0m[38;5;159m [38;5;121m┈┉┈┉┈┉┈┉┈┉┈┉┈┉┈┉┈┉┈│[0m[38;5;159m[0m
[38;5;159m[Genesis] [17:35:32] [INFO] [38;5;121m╰───────────────────────────────────────────────╯[0m[38;5;159m[0m
[38;5;159m[Genesis] [17:35:33] [INFO] Running on [38;5;121m[4m[AMD Radeon Graphics][0m[38;5;159m with backend [38;5;121m[4mgs.amdgpu[0m[38;5;159m. Device memory: [38;5;121m[4m47.98[0m[38;5;159m GB.[0m
[38;5;159m[Genesis] [17:35:33] [INFO] 🚀 Genesis initialized. 🔖 version: [38;5;121m[4m1.3.1[0m[38;5;159m, 🎨 theme: [38;5;121m[4mdark[0m[38;5;159m, 🌱 seed: [38;5;121m[4m20260803[0m[38;5;159m, 🐛 debug: [38;5;121m[4mFalse[0m[38;5;159m, 📏 precision: [38;5;121m[4m32[0m[38;5;159m, 🔥 performance: [38;5;121m[4mFalse[0m[38;5;159m, 💬 verbose: [38;5;121m[4mINFO[0m[38;5;159m[0m
[38;5;226m[Genesis] [17:35:34] [WARNING] Scene.show_FPS is deprecated. Please use Scene.profiling_options.show_FPS[0m
[38;5;159m[Genesis] [17:35:34] [INFO] Scene [38;5;121m[3m<b667f9e>[0m[38;5;159m created.[0m
[38;5;159m[Genesis] [17:35:34] [INFO] Adding [38;5;121m<gs.engine.entities.RigidEntity>[0m[38;5;159m. idx: [38;5;121m0[0m[38;5;159m, uid: [38;5;121m[3m<d5149f1>[0m[38;5;159m, morph: [38;5;121m<gs.morphs.Plane>[0m[38;5;159m, material: [38;5;121m<gs.materials.Rigid>[0m[38;5;159m.[0m
[38;5;159m[Genesis] [17:35:34] [INFO] Adding [38;5;121m<gs.engine.entities.RigidEntity>[0m[38;5;159m. idx: [38;5;121m1[0m[38;5;159m, uid: [38;5;121m[3m<2d78d1f>[0m[38;5;159m, morph: [38;5;121m<gs.morphs.Box>[0m[38;5;159m, material: [38;5;121m<gs.materials.Rigid>[0m[38;5;159m.[0m
[38;5;159m[Genesis] [17:35:34] [INFO] Adding [38;5;121m<gs.engine.entities.RigidEntity>[0m[38;5;159m. idx: [38;5;121m2[0m[38;5;159m, uid: [38;5;121m[3m<3d7392d>[0m[38;5;159m, morph: [38;5;121m<gs.morphs.MJCF(file='/root/radeon-oneloop-data/assets/so101/so101_new_calib.xml')>[0m[38;5;159m, material: [38;5;121m<gs.materials.Rigid>[0m[38;5;159m.[0m
[38;5;226m[Genesis] [17:35:36] [WARNING] Mesh is not watertight. Falling back to convex hull for estimating inertial properties.[0m
[38;5;226m[Genesis] [17:35:39] [WARNING] Mesh is not watertight. Falling back to convex hull for estimating inertial properties.[0m
[38;5;159m[Genesis] [17:35:39] [INFO] Adding [38;5;121m<gs.engine.entities.RigidEntity>[0m[38;5;159m. idx: [38;5;121m3[0m[38;5;159m, uid: [38;5;121m[3m<1446a01>[0m[38;5;159m, morph: [38;5;121m<gs.morphs.MJCF(file='/root/radeon-oneloop-data/assets/so101/so101_new_calib.xml')>[0m[38;5;159m, material: [38;5;121m<gs.materials.Rigid>[0m[38;5;159m.[0m
[38;5;159m[Genesis] [17:35:40] [INFO] Adding [38;5;121m<gs.engine.entities.RigidEntity>[0m[38;5;159m. idx: [38;5;121m4[0m[38;5;159m, uid: [38;5;121m[3m<5e11456>[0m[38;5;159m, morph: [38;5;121m<gs.morphs.Sphere>[0m[38;5;159m, material: [38;5;121m<gs.materials.Rigid>[0m[38;5;159m.[0m
[38;5;159m[Genesis] [17:35:40] [INFO] Building scene [38;5;121m[3m<b667f9e>[0m[38;5;159m...[0m
[38;5;159m[Genesis] [17:35:45] [INFO] Compiling simulation kernels...[0m
[38;5;159m[Genesis] [17:36:02] [INFO] Building visualizer...[0m
{
  "schema_version": "radeon_oneloop.genesis_smoke.v1",
  "backend": "3",
  "device": "cuda:0",
  "torch_device": "AMD Radeon Graphics",
  "gcn_arch": "gfx1100",
  "steps": 1000,
  "build_seconds": 33.843461018987,
  "step_ms": {
    "mean": 5.324543510563672,
    "p50": 4.274288425222039,
    "p95": 5.017153266817331,
    "p99": 7.0204198081046325
  },
  "observation": {
    "state_shape": [
      12
    ],
    "camera_shapes": {
      "observation.images.front_cam": [
        480,
        640,
        3
      ],
      "observation.images.hand_cam": [
        480,
        640,
        3
      ]
    }
  },
  "task_success": false,
  "task_success_note": "Joint-sweep smoke validates the scene and contracts; it is not a handover evaluation.",
  "video": {
    "path": null,
    "frames": 0,
    "fps": null,
    "metric_eligible": false,
    "note": "Optional joint-sweep visualization; captured render steps are included in step timings."
  }
}
[38;5;159m[Genesis] [17:36:09] [INFO] 💤 Exiting Genesis and caching compiled kernels...[0m
